
Running 1 test using 1 worker

[2026-02-28 14:44:58] [32minfo[39m: [32m[AutoHealer] Attempting fill on: #speedy-header-search (Key: N/A)[39m
[2026-02-28 14:45:03] [33mwarn[39m: [33m[AutoHealer] Element #speedy-header-search not visible after timeout. Proceeding to action anyway.[39m
[2026-02-28 14:45:08] [33mwarn[39m: [33m[AutoHealer] fill failed on: #speedy-header-search. Initiating healing protocol (gemini)...[39m
[2026-02-28 14:45:08] [32minfo[39m: [32m[AutoHealer:heal] ========== HEALING START ==========[39m
[2026-02-28 14:45:08] [32minfo[39m: [32m[AutoHealer:heal] Original selector: "#speedy-header-search"[39m
[2026-02-28 14:45:08] [32minfo[39m: [32m[AutoHealer:heal] Error: page.fill: Timeout 5000ms exceeded.[39m
[32mCall log:[39m
[32m[2m  - waiting for locator('#speedy-header-search')[22m[39m
[32m[39m
[2026-02-28 14:45:08] [32minfo[39m: [32m[AutoHealer:heal] Provider: gemini, Model: gemini-2.5-flash[39m
[2026-02-28 14:45:08] [32minfo[39m: [32m[AutoHealer:heal] Available API keys: 1, Current key index: 0[39m
[2026-02-28 14:45:08] [32minfo[39m: [32m[AutoHealer:heal] Step 1: Capturing simplified DOM...[39m
[2026-02-28 14:45:08] [32minfo[39m: [32m[AutoHealer:heal] DOM snapshot length: 743166 chars (will use full DOM)[39m
[2026-02-28 14:45:08] [32minfo[39m: [32m[AutoHealer:heal] Step 2: Constructing prompt...[39m
[2026-02-28 14:45:08] [32minfo[39m: [32m[AutoHealer:heal] Prompt length: 743964 chars[39m
[2026-02-28 14:45:08] [32minfo[39m: [32m[AutoHealer:heal] Step 3: Starting AI request loop (maxKeyRotations=1)[39m
[2026-02-28 14:45:08] [32minfo[39m: [32m[AutoHealer:heal] Key rotation iteration k=0, using key index 0[39m
[2026-02-28 14:45:08] [32minfo[39m: [32m[AutoHealer:heal] Attempt: keyIteration=0, retryCount=0/3[39m
[2026-02-28 14:45:08] [32minfo[39m: [32m[AutoHealer:heal] Sending request to Gemini (model: gemini-2.5-flash)...[39m
[2026-02-28 14:45:08] [31merror[39m: [31m[AutoHealer:heal] AI request FAILED. Status: 429, Message: "[GoogleGenerativeAI Error]: Error fetching from https://generativelanguage.googleapis.com/v1beta/models/gemini-2.5-flash:generateContent: [429 Too Many Requests] You exceeded your current quota, please check your plan and billing details. For more information on this error, head to: https://ai.google.dev/gemini-api/docs/rate-limits. To monitor your current usage, head to: https://ai.dev/rate-limit. [39m
[31m* Quota exceeded for metric: generativelanguage.googleapis.com/generate_content_free_tier_requests, limit: 20, model: gemini-2.5-flash[39m
[31mPlease retry in 51.308103782s. [{"@type":"type.googleapis.com/google.rpc.Help","links":[{"description":"Learn more about Gemini API quotas","url":"https://ai.google.dev/gemini-api/docs/rate-limits"}]},{"@type":"type.googleapis.com/google.rpc.QuotaFailure","violations":[{"quotaMetric":"generativelanguage.googleapis.com/generate_content_free_tier_requests","quotaId":"GenerateRequestsPerDayPerProjectPerModel-FreeTier","quotaDimensions":{"location":"global","model":"gemini-2.5-flash"},"quotaValue":"20"}]},{"@type":"type.googleapis.com/google.rpc.RetryInfo","retryDelay":"51s"}]"[39m
[2026-02-28 14:45:08] [32minfo[39m: [32m[AutoHealer:heal] Error classification: isServerError=false[39m
[2026-02-28 14:45:08] [32minfo[39m: [32m[AutoHealer:heal] Error classification: is4xxError=true[39m
[2026-02-28 14:45:08] [33mwarn[39m: [33m[AutoHealer:heal] Client Error (4xx) detected: 429. Attempting to switch AI provider...[39m
[2026-02-28 14:45:08] [32minfo[39m: [32m[AutoHealer] Switching from Gemini to OpenAI due to 4xx error.[39m
[2026-02-28 14:45:08] [32minfo[39m: [32m[AutoHealer:heal] Key rotation iteration k=0, using key index 0[39m
[2026-02-28 14:45:08] [32minfo[39m: [32m[AutoHealer:heal] Attempt: keyIteration=0, retryCount=0/3[39m
[2026-02-28 14:45:08] [32minfo[39m: [32m[AutoHealer:heal] Sending request to OpenAI (model: gpt-4o)...[39m
[2026-02-28 14:45:08] [31merror[39m: [31m[AutoHealer:heal] AI request FAILED. Status: 401, Message: "401 Incorrect API key provided: sk-abcde*******************************ef12. You can find your API key at https://platform.openai.com/account/api-keys."[39m
[2026-02-28 14:45:08] [32minfo[39m: [32m[AutoHealer:heal] Error classification: isServerError=false[39m
[2026-02-28 14:45:08] [32minfo[39m: [32m[AutoHealer:heal] Error classification: is4xxError=true[39m
[2026-02-28 14:45:08] [33mwarn[39m: [33m[AutoHealer:heal] Client Error (4xx) detected: 401. Attempting to switch AI provider...[39m
[2026-02-28 14:45:08] [31merror[39m: [31m[AutoHealer:heal] No alternate provider configured or provider already switched. Skip healing.[39m
[2026-02-28 14:45:08] [31merror[39m: [31m[AutoHealer:heal] ❌ HEALING EXCEPTION: Test is skipped: Test skipped due to AI Client Error (4xx)[39m
[2026-02-28 14:45:08] [32minfo[39m: [32m[AutoHealer:heal] Re-throwing skip error to Playwright.[39m
[2026-02-28 14:45:08] [32minfo[39m: [32m[AutoHealer:heal] ========== HEALING END (677ms) ==========[39m
[2026-02-28 14:45:08] [32minfo[39m: [32m[AutoHealer:heal] Success: false, Result: null[39m
  -  1 [chromium] › tests/healing-demo.spec.ts:12:5 › Self-Healing Demo › should heal a broken search button selector

  1 skipped

To open last HTML report run:
[36m[39m
[36m  npx playwright show-report[39m
[36m[39m
